Archive member included to satisfy reference by file (symbol)

C:/ST/STM32CubeIDE_1.16.1/STM32CubeIDE/plugins/com.st.stm32cube.ide.mcu.externaltools.gnu-tools-for-stm32.12.3.rel1.win32_1.0.200.202406191623/tools/bin/../lib/gcc/arm-none-eabi/12.3.1/../../../../arm-none-eabi/lib/thumb/v6-m/nofp\libc_nano.a(libc_a-exit.o)
                              C:/ST/STM32CubeIDE_1.16.1/STM32CubeIDE/plugins/com.st.stm32cube.ide.mcu.externaltools.gnu-tools-for-stm32.12.3.rel1.win32_1.0.200.202406191623/tools/bin/../lib/gcc/arm-none-eabi/12.3.1/../../../../arm-none-eabi/lib/thumb/v6-m/nofp/crt0.o (exit)
C:/ST/STM32CubeIDE_1.16.1/STM32CubeIDE/plugins/com.st.stm32cube.ide.mcu.externaltools.gnu-tools-for-stm32.12.3.rel1.win32_1.0.200.202406191623/tools/bin/../lib/gcc/arm-none-eabi/12.3.1/../../../../arm-none-eabi/lib/thumb/v6-m/nofp\libc_nano.a(libc_a-findfp.o)
                              C:/ST/STM32CubeIDE_1.16.1/STM32CubeIDE/plugins/com.st.stm32cube.ide.mcu.externaltools.gnu-tools-for-stm32.12.3.rel1.win32_1.0.200.202406191623/tools/bin/../lib/gcc/arm-none-eabi/12.3.1/../../../../arm-none-eabi/lib/thumb/v6-m/nofp\libc_nano.a(libc_a-exit.o) (__stdio_exit_handler)
C:/ST/STM32CubeIDE_1.16.1/STM32CubeIDE/plugins/com.st.stm32cube.ide.mcu.externaltools.gnu-tools-for-stm32.12.3.rel1.win32_1.0.200.202406191623/tools/bin/../lib/gcc/arm-none-eabi/12.3.1/../../../../arm-none-eabi/lib/thumb/v6-m/nofp\libc_nano.a(libc_a-fwalk.o)
                              C:/ST/STM32CubeIDE_1.16.1/STM32CubeIDE/plugins/com.st.stm32cube.ide.mcu.externaltools.gnu-tools-for-stm32.12.3.rel1.win32_1.0.200.202406191623/tools/bin/../lib/gcc/arm-none-eabi/12.3.1/../../../../arm-none-eabi/lib/thumb/v6-m/nofp\libc_nano.a(libc_a-findfp.o) (_fwalk_sglue)
C:/ST/STM32CubeIDE_1.16.1/STM32CubeIDE/plugins/com.st.stm32cube.ide.mcu.externaltools.gnu-tools-for-stm32.12.3.rel1.win32_1.0.200.202406191623/tools/bin/../lib/gcc/arm-none-eabi/12.3.1/../../../../arm-none-eabi/lib/thumb/v6-m/nofp\libc_nano.a(libc_a-stdio.o)
                              C:/ST/STM32CubeIDE_1.16.1/STM32CubeIDE/plugins/com.st.stm32cube.ide.mcu.externaltools.gnu-tools-for-stm32.12.3.rel1.win32_1.0.200.202406191623/tools/bin/../lib/gcc/arm-none-eabi/12.3.1/../../../../arm-none-eabi/lib/thumb/v6-m/nofp\libc_nano.a(libc_a-findfp.o) (__sread)
C:/ST/STM32CubeIDE_1.16.1/STM32CubeIDE/plugins/com.st.stm32cube.ide.mcu.externaltools.gnu-tools-for-stm32.12.3.rel1.win32_1.0.200.202406191623/tools/bin/../lib/gcc/arm-none-eabi/12.3.1/../../../../arm-none-eabi/lib/thumb/v6-m/nofp\libc_nano.a(libc_a-memset.o)
                              C:/ST/STM32CubeIDE_1.16.1/STM32CubeIDE/plugins/com.st.stm32cube.ide.mcu.externaltools.gnu-tools-for-stm32.12.3.rel1.win32_1.0.200.202406191623/tools/bin/../lib/gcc/arm-none-eabi/12.3.1/../../../../arm-none-eabi/lib/thumb/v6-m/nofp/crt0.o (memset)
C:/ST/STM32CubeIDE_1.16.1/STM32CubeIDE/plugins/com.st.stm32cube.ide.mcu.externaltools.gnu-tools-for-stm32.12.3.rel1.win32_1.0.200.202406191623/tools/bin/../lib/gcc/arm-none-eabi/12.3.1/../../../../arm-none-eabi/lib/thumb/v6-m/nofp\libc_nano.a(libc_a-closer.o)
                              C:/ST/STM32CubeIDE_1.16.1/STM32CubeIDE/plugins/com.st.stm32cube.ide.mcu.externaltools.gnu-tools-for-stm32.12.3.rel1.win32_1.0.200.202406191623/tools/bin/../lib/gcc/arm-none-eabi/12.3.1/../../../../arm-none-eabi/lib/thumb/v6-m/nofp\libc_nano.a(libc_a-stdio.o) (_close_r)
C:/ST/STM32CubeIDE_1.16.1/STM32CubeIDE/plugins/com.st.stm32cube.ide.mcu.externaltools.gnu-tools-for-stm32.12.3.rel1.win32_1.0.200.202406191623/tools/bin/../lib/gcc/arm-none-eabi/12.3.1/../../../../arm-none-eabi/lib/thumb/v6-m/nofp\libc_nano.a(libc_a-reent.o)
                              C:/ST/STM32CubeIDE_1.16.1/STM32CubeIDE/plugins/com.st.stm32cube.ide.mcu.externaltools.gnu-tools-for-stm32.12.3.rel1.win32_1.0.200.202406191623/tools/bin/../lib/gcc/arm-none-eabi/12.3.1/../../../../arm-none-eabi/lib/thumb/v6-m/nofp\libc_nano.a(libc_a-closer.o) (errno)
C:/ST/STM32CubeIDE_1.16.1/STM32CubeIDE/plugins/com.st.stm32cube.ide.mcu.externaltools.gnu-tools-for-stm32.12.3.rel1.win32_1.0.200.202406191623/tools/bin/../lib/gcc/arm-none-eabi/12.3.1/../../../../arm-none-eabi/lib/thumb/v6-m/nofp\libc_nano.a(libc_a-impure.o)
                              C:/ST/STM32CubeIDE_1.16.1/STM32CubeIDE/plugins/com.st.stm32cube.ide.mcu.externaltools.gnu-tools-for-stm32.12.3.rel1.win32_1.0.200.202406191623/tools/bin/../lib/gcc/arm-none-eabi/12.3.1/../../../../arm-none-eabi/lib/thumb/v6-m/nofp\libc_nano.a(libc_a-reent.o) (_impure_ptr)
C:/ST/STM32CubeIDE_1.16.1/STM32CubeIDE/plugins/com.st.stm32cube.ide.mcu.externaltools.gnu-tools-for-stm32.12.3.rel1.win32_1.0.200.202406191623/tools/bin/../lib/gcc/arm-none-eabi/12.3.1/../../../../arm-none-eabi/lib/thumb/v6-m/nofp\libc_nano.a(libc_a-lseekr.o)
[...]
Memory Configuration

Name             Origin             Length             Attributes
RAM              0x20000000         0x00002000         xrw
FLASH            0x08000000         0x00008000         xr
*default*        0x00000000         0xffffffff

Linker script and memory map

LOAD C:/ST/STM32CubeIDE_1.16.1/STM32CubeIDE/plugins/com.st.stm32cube.ide.mcu.externaltools.gnu-tools-for-stm32.12.3.rel1.win32_1.0.200.202406191623/tools/bin/../lib/gcc/arm-none-eabi/12.3.1/thumb/v6-m/nofp/crti.o
LOAD C:/ST/STM32CubeIDE_1.16.1/STM32CubeIDE/plugins/com.st.stm32cube.ide.mcu.externaltools.gnu-tools-for-stm32.12.3.rel1.win32_1.0.200.202406191623/tools/bin/../lib/gcc/arm-none-eabi/12.3.1/thumb/v6-m/nofp/crtbegin.o
LOAD C:/ST/STM32CubeIDE_1.16.1/STM32CubeIDE/plugins/com.st.stm32cube.ide.mcu.externaltools.gnu-tools-for-stm32.12.3.rel1.win32_1.0.200.202406191623/tools/bin/../lib/gcc/arm-none-eabi/12.3.1/../../../../arm-none-eabi/lib/thumb/v6-m/nofp/crt0.o
LOAD ./Core/Src/main.o
LOAD ./Core/Src/stm32l0xx_hal_msp.o
LOAD ./Core/Src/stm32l0xx_it.o
LOAD ./Core/Src/syscalls.o
LOAD ./Core/Src/sysmem.o
LOAD ./Core/Src/system_stm32l0xx.o
LOAD ./Core/Startup/startup_stm32l041k6tx.o
LOAD ./Drivers/STM32L0xx_HAL_Driver/Src/stm32l0xx_hal.o
LOAD ./Drivers/STM32L0xx_HAL_Driver/Src/stm32l0xx_hal_cortex.o
LOAD ./Drivers/STM32L0xx_HAL_Driver/Src/stm32l0xx_hal_dma.o
LOAD ./Drivers/STM32L0xx_HAL_Driver/Src/stm32l0xx_hal_exti.o
LOAD ./Drivers/STM32L0xx_HAL_Driver/Src/stm32l0xx_hal_flash.o
LOAD ./Drivers/STM32L0xx_HAL_Driver/Src/stm32l0xx_hal_flash_ex.o
LOAD ./Drivers/STM32L0xx_HAL_Driver/Src/stm32l0xx_hal_flash_ramfunc.o
LOAD ./Drivers/STM32L0xx_HAL_Driver/Src/stm32l0xx_hal_gpio.o
LOAD ./Drivers/STM32L0xx_HAL_Driver/Src/stm32l0xx_hal_i2c.o
LOAD ./Drivers/STM32L0xx_HAL_Driver/Src/stm32l0xx_hal_i2c_ex.o
LOAD ./Drivers/STM32L0xx_HAL_Driver/Src/stm32l0xx_hal_pwr.o
LOAD ./Drivers/STM32L0xx_HAL_Driver/Src/stm32l0xx_hal_pwr_ex.o
LOAD ./Drivers/STM32L0xx_HAL_Driver/Src/stm32l0xx_hal_rcc.o
LOAD ./Drivers/STM32L0xx_HAL_Driver/Src/stm32l0xx_hal_rcc_ex.o
LOAD ./Drivers/STM32L0xx_HAL_Driver/Src/stm32l0xx_hal_rtc.o
LOAD ./Drivers/STM32L0xx_HAL_Driver/Src/stm32l0xx_hal_rtc_ex.o
LOAD ./Drivers/STM32L0xx_HAL_Driver/Src/stm32l0xx_hal_tim.o
LOAD ./Drivers/STM32L0xx_HAL_Driver/Src/stm32l0xx_hal_tim_ex.o
START GROUP
LOAD C:/ST/STM32CubeIDE_1.16.1/STM32CubeIDE/plugins/com.st.stm32cube.ide.mcu.externaltools.gnu-tools-for-stm32.12.3.rel1.win32_1.0.200.202406191623/tools/bin/../lib/gcc/arm-none-eabi/12.3.1/../../../../arm-none-eabi/lib/thumb/v6-m/nofp\libc_nano.a
LOAD C:/ST/STM32CubeIDE_1.16.1/STM32CubeIDE/plugins/com.st.stm32cube.ide.mcu.externaltools.gnu-tools-for-stm32.12.3.rel1.win32_1.0.200.202406191623/tools/bin/../lib/gcc/arm-none-eabi/12.3.1/../../../../arm-none-eabi/lib/thumb/v6-m/nofp\libm.a
END GROUP
START GROUP
LOAD C:/ST/STM32CubeIDE_1.16.1/STM32CubeIDE/plugins/com.st.stm32cube.ide.mcu.externaltools.gnu-tools-for-stm32.12.3.rel1.win32_1.0.200.202406191623/tools/bin/../lib/gcc/arm-none-eabi/12.3.1/thumb/v6-m/nofp\libgcc.a
LOAD C:/ST/STM32CubeIDE_1.16.1/STM32CubeIDE/plugins/com.st.stm32cube.ide.mcu.externaltools.gnu-tools-for-stm32.12.3.rel1.win32_1.0.200.202406191623/tools/bin/../lib/gcc/arm-none-eabi/12.3.1/../../../../arm-none-eabi/lib/thumb/v6-m/nofp\libc_nano.a
END GROUP
START GROUP
LOAD C:/ST/STM32CubeIDE_1.16.1/STM32CubeIDE/plugins/com.st.stm32cube.ide.mcu.externaltools.gnu-tools-for-stm32.12.3.rel1.win32_1.0.200.202406191623/tools/bin/../lib/gcc/arm-none-eabi/12.3.1/thumb/v6-m/nofp\libgcc.a
LOAD C:/ST/STM32CubeIDE_1.16.1/STM32CubeIDE/plugins/com.st.stm32cube.ide.mcu.externaltools.gnu-tools-for-stm32.12.3.rel1.win32_1.0.200.202406191623/tools/bin/../lib/gcc/arm-none-eabi/12.3.1/../../../../arm-none-eabi/lib/thumb/v6-m/nofp\libc_nano.a
LOAD C:/ST/STM32CubeIDE_1.16.1/STM32CubeIDE/plugins/com.st.stm32cube.ide.mcu.externaltools.gnu-tools-for-stm32.12.3.rel1.win32_1.0.200.202406191623/tools/bin/../lib/gcc/arm-none-eabi/12.3.1/../../../../arm-none-eabi/lib/thumb/v6-m/nofp\libnosys.a
END GROUP
START GROUP
LOAD C:/ST/STM32CubeIDE_1.16.1/STM32CubeIDE/plugins/com.st.stm32cube.ide.mcu.externaltools.gnu-tools-for-stm32.12.3.rel1.win32_1.0.200.202406191623/tools/bin/../lib/gcc/arm-none-eabi/12.3.1/thumb/v6-m/nofp\libgcc.a
LOAD C:/ST/STM32CubeIDE_1.16.1/STM32CubeIDE/plugins/com.st.stm32cube.ide.mcu.externaltools.gnu-tools-for-stm32.12.3.rel1.win32_1.0.200.202406191623/tools/bin/../lib/gcc/arm-none-eabi/12.3.1/../../../../arm-none-eabi/lib/thumb/v6-m/nofp\libc_nano.a
LOAD C:/ST/STM32CubeIDE_1.16.1/STM32CubeIDE/plugins/com.st.stm32cube.ide.mcu.externaltools.gnu-tools-for-stm32.12.3.rel1.win32_1.0.200.202406191623/tools/bin/../lib/gcc/arm-none-eabi/12.3.1/../../../../arm-none-eabi/lib/thumb/v6-m/nofp\libnosys.a
END GROUP
LOAD C:/ST/STM32CubeIDE_1.16.1/STM32CubeIDE/plugins/com.st.stm32cube.ide.mcu.externaltools.gnu-tools-for-stm32.12.3.rel1.win32_1.0.200.202406191623/tools/bin/../lib/gcc/arm-none-eabi/12.3.1/thumb/v6-m/nofp/crtend.o
LOAD C:/ST/STM32CubeIDE_1.16.1/STM32CubeIDE/plugins/com.st.stm32cube.ide.mcu.externaltools.gnu-tools-for-stm32.12.3.rel1.win32_1.0.200.202406191623/tools/bin/../lib/gcc/arm-none-eabi/12.3.1/thumb/v6-m/nofp/crtn.o
                0x20002000                        _estack = (ORIGIN (RAM) + LENGTH (RAM))
                0x00000200                        _Min_Heap_Size = 0x200
                0x00000400                        _Min_Stack_Size = 0x400

.isr_vector     0x08000000       0xc0
                0x08000000                        . = ALIGN (0x4)
 *(.isr_vector)
 .isr_vector    0x08000000       0xc0 ./Core/Startup/startup_stm32l041k6tx.o
                0x08000000                g_pfnVectors
                0x080000c0                        . = ALIGN (0x4)

.text           0x080000c0     0x36b4
                0x080000c0                        . = ALIGN (0x4)
 *(.text)
 .text          0x080000c0       0x48 C:/ST/STM32CubeIDE_1.16.1/STM32CubeIDE/plugins/com.st.stm32cube.ide.mcu.externaltools.gnu-tools-for-stm32.12.3.rel1.win32_1.0.200.202406191623/tools/bin/../lib/gcc/arm-none-eabi/12.3.1/thumb/v6-m/nofp/crtbegin.o
 .text          0x08000108      0x114 C:/ST/STM32CubeIDE_1.16.1/STM32CubeIDE/plugins/com.st.stm32cube.ide.mcu.externaltools.gnu-tools-for-stm32.12.3.rel1.win32_1.0.200.202406191623/tools/bin/../lib/gcc/arm-none-eabi/12.3.1/thumb/v6-m/nofp\libgcc.a(_udivsi3.o)
                0x08000108                __aeabi_uidiv
                0x08000108                __udivsi3
                0x08000214                __aeabi_uidivmod
 .text          0x0800021c      0x1d4 C:/ST/STM32CubeIDE_1.16.1/STM32CubeIDE/plugins/com.st.stm32cube.ide.mcu.externaltools.gnu-tools-for-stm32.12.3.rel1.win32_1.0.200.202406191623/tools/bin/../lib/gcc/arm-none-eabi/12.3.1/thumb/v6-m/nofp\libgcc.a(_divsi3.o)
                0x0800021c                __divsi3
                0x0800021c                __aeabi_idiv
                0x080003e8                __aeabi_idivmod
 .text          0x080003f0        0x4 C:/ST/STM32CubeIDE_1.16.1/STM32CubeIDE/plugins/com.st.stm32cube.ide.mcu.externaltools.gnu-tools-for-stm32.12.3.rel1.win32_1.0.200.202406191623/tools/bin/../lib/gcc/arm-none-eabi/12.3.1/thumb/v6-m/nofp\libgcc.a(_dvmd_tls.o)
                0x080003f0                __aeabi_idiv0
                0x080003f0                __aeabi_ldiv0
 .text          0x080003f4       0x40 C:/ST/STM32CubeIDE_1.16.1/STM32CubeIDE/plugins/com.st.stm32cube.ide.mcu.externaltools.gnu-tools-for-stm32.12.3.rel1.win32_1.0.200.202406191623/tools/bin/../lib/gcc/arm-none-eabi/12.3.1/thumb/v6-m/nofp\libgcc.a(_aeabi_uldivmod.o)
                0x080003f4                __aeabi_uldivmod
 .text          0x08000434       0x5c C:/ST/STM32CubeIDE_1.16.1/STM32CubeIDE/plugins/com.st.stm32cube.ide.mcu.externaltools.gnu-tools-for-stm32.12.3.rel1.win32_1.0.200.202406191623/tools/bin/../lib/gcc/arm-none-eabi/12.3.1/thumb/v6-m/nofp\libgcc.a(_muldi3.o)
                0x08000434                __muldi3
                0x08000434                __aeabi_lmul
 .text          0x08000490      0x198 C:/ST/STM32CubeIDE_1.16.1/STM32CubeIDE/plugins/com.st.stm32cube.ide.mcu.externaltools.gnu-tools-for-stm32.12.3.rel1.win32_1.0.200.202406191623/tools/bin/../lib/gcc/arm-none-eabi/12.3.1/thumb/v6-m/nofp\libgcc.a(_udivmoddi4.o)
                0x08000490                __udivmoddi4
 .text          0x08000628       0x18 C:/ST/STM32CubeIDE_1.16.1/STM32CubeIDE/plugins/com.st.stm32cube.ide.mcu.externaltools.gnu-tools-for-stm32.12.3.rel1.win32_1.0.200.202406191623/tools/bin/../lib/gcc/arm-none-eabi/12.3.1/thumb/v6-m/nofp\libgcc.a(_clzdi2.o)
                0x08000628                __clzdi2
 .text          0x08000640       0x3c C:/ST/STM32CubeIDE_1.16.1/STM32CubeIDE/plugins/com.st.stm32cube.ide.mcu.externaltools.gnu-tools-for-stm32.12.3.rel1.win32_1.0.200.202406191623/tools/bin/../lib/gcc/arm-none-eabi/12.3.1/thumb/v6-m/nofp\libgcc.a(_clzsi2.o)
                0x08000640                __clzsi2
 *(.text*)
 .text.incrementSeconds_units
                0x0800067c       0x24 ./Core/Src/main.o
                0x0800067c                incrementSeconds_units
 .text.incrementSeconds_tens
                0x080006a0       0x24 ./Core/Src/main.o
                0x080006a0                incrementSeconds_tens
 .text.incrementMinutes_units
                0x080006c4       0x24 ./Core/Src/main.o
                0x080006c4                incrementMinutes_units
 .text.incrementMinutes_tens
                0x080006e8       0x24 ./Core/Src/main.o
                0x080006e8                incrementMinutes_tens
 .text.incrementHours_units
                0x0800070c       0x50 ./Core/Src/main.o
                0x0800070c                incrementHours_units
 .text.incrementHours_tens
                0x0800075c       0x24 ./Core/Src/main.o
                0x0800075c                incrementHours_tens
 .text.incrementAlarmMinutes_units
                0x08000780       0x24 ./Core/Src/main.o
                0x08000780                incrementAlarmMinutes_units
 .text.incrementAlarmMinutes_tens
                0x080007a4       0x24 ./Core/Src/main.o
                0x080007a4                incrementAlarmMinutes_tens
 .text.incrementAlarmHours_units
                0x080007c8       0x50 ./Core/Src/main.o
                0x080007c8                incrementAlarmHours_units
 .text.incrementAlarmHours_tens
                0x08000818       0x24 ./Core/Src/main.o
                0x08000818                incrementAlarmHours_tens
 .text.saveAlarm
                0x0800083c        0xa ./Core/Src/main.o
                0x0800083c                saveAlarm
 .text.updateRelogio
                0x08000846        0xa ./Core/Src/main.o
                0x08000846                updateRelogio
 .text.readButtons
                0x08000850      0x1d0 ./Core/Src/main.o
                0x08000850                readButtons
 .text.main     0x08000a20       0x30 ./Core/Src/main.o
                0x08000a20                main
 .text.SystemClock_Config
                0x08000a50       0xf4 ./Core/Src/main.o
                0x08000a50                SystemClock_Config
 .text.MX_RTC_Init
                0x08000b44      0x14c ./Core/Src/main.o
 .text.MX_TIM2_Init
                0x08000c90       0xfc ./Core/Src/main.o
 .text.MX_GPIO_Init
                0x08000d8c       0xdc ./Core/Src/main.o
 .text.Error_Handler
                0x08000e68        0xc ./Core/Src/main.o
                0x08000e68                Error_Handler
 .text.HAL_MspInit
                0x08000e74       0x28 ./Core/Src/stm32l0xx_hal_msp.o
                0x08000e74                HAL_MspInit
 .text.HAL_RTC_MspInit
                0x08000e9c       0x40 ./Core/Src/stm32l0xx_hal_msp.o
                0x08000e9c                HAL_RTC_MspInit
 .text.HAL_TIM_Base_MspInit
                0x08000edc       0x2c ./Core/Src/stm32l0xx_hal_msp.o
                0x08000edc                HAL_TIM_Base_MspInit
 .text.HAL_TIM_MspPostInit
                0x08000f08       0x78 ./Core/Src/stm32l0xx_hal_msp.o
                0x08000f08                HAL_TIM_MspPostInit
 .text.NMI_Handler
                0x08000f80        0x8 ./Core/Src/stm32l0xx_it.o
                0x08000f80                NMI_Handler
 .text.HardFault_Handler
                0x08000f88        0x8 ./Core/Src/stm32l0xx_it.o
                0x08000f88                HardFault_Handler
 .text.SVC_Handler
                0x08000f90        0xa ./Core/Src/stm32l0xx_it.o
                0x08000f90                SVC_Handler
 .text.PendSV_Handler
                0x08000f9a        0xa ./Core/Src/stm32l0xx_it.o
                0x08000f9a                PendSV_Handler
 .text.SysTick_Handler
                0x08000fa4        0xe ./Core/Src/stm32l0xx_it.o
                0x08000fa4                SysTick_Handler
 *fill*         0x08000fb2        0x2 
 .text.RTC_IRQHandler
                0x08000fb4       0x20 ./Core/Src/stm32l0xx_it.o
                0x08000fb4                RTC_IRQHandler
 .text.SystemInit
                0x08000fd4        0xa ./Core/Src/system_stm32l0xx.o
                0x08000fd4                SystemInit
 *fill*         0x08000fde        0x2 
 .text.Reset_Handler
                0x08000fe0       0x50 ./Core/Startup/startup_stm32l041k6tx.o
                0x08000fe0                Reset_Handler
 .text.Default_Handler
                0x08001030        0x2 ./Core/Startup/startup_stm32l041k6tx.o
                0x08001030                ADC1_COMP_IRQHandler
                0x08001030                PVD_IRQHandler
                0x08001030                I2C1_IRQHandler
                0x08001030                SPI1_IRQHandler
                0x08001030                EXTI2_3_IRQHandler
                0x08001030                AES_LPUART1_IRQHandler
                0x08001030                DMA1_Channel4_5_6_7_IRQHandler
                0x08001030                EXTI4_15_IRQHandler
                0x08001030                RCC_IRQHandler
                0x08001030                DMA1_Channel1_IRQHandler
                0x08001030                Default_Handler
                0x08001030                TIM22_IRQHandler
                0x08001030                EXTI0_1_IRQHandler
                0x08001030                TIM21_IRQHandler
                0x08001030                WWDG_IRQHandler
                0x08001030                TIM2_IRQHandler
                0x08001030                DMA1_Channel2_3_IRQHandler
                0x08001030                USART2_IRQHandler
                0x08001030                FLASH_IRQHandler
                0x08001030                LPTIM1_IRQHandler
 *fill*         0x08001032        0x2 
 .text.HAL_Init
                0x08001034       0x40 ./Drivers/STM32L0xx_HAL_Driver/Src/stm32l0xx_hal.o
                0x08001034                HAL_Init
 .text.HAL_InitTick
                0x08001074       0x68 ./Drivers/STM32L0xx_HAL_Driver/Src/stm32l0xx_hal.o
                0x08001074                HAL_InitTick
 .text.HAL_IncTick
                0x080010dc       0x24 ./Drivers/STM32L0xx_HAL_Driver/Src/stm32l0xx_hal.o
                0x080010dc                HAL_IncTick
 .text.HAL_GetTick
                0x08001100       0x14 ./Drivers/STM32L0xx_HAL_Driver/Src/stm32l0xx_hal.o
                0x08001100                HAL_GetTick
 .text.__NVIC_EnableIRQ
                0x08001114       0x34 ./Drivers/STM32L0xx_HAL_Driver/Src/stm32l0xx_hal_cortex.o
 .text.__NVIC_SetPriority
                0x08001148       0xdc ./Drivers/STM32L0xx_HAL_Driver/Src/stm32l0xx_hal_cortex.o
 .text.SysTick_Config
                0x08001224       0x48 ./Drivers/STM32L0xx_HAL_Driver/Src/stm32l0xx_hal_cortex.o
 .text.HAL_NVIC_SetPriority
                0x0800126c       0x2a ./Drivers/STM32L0xx_HAL_Driver/Src/stm32l0xx_hal_cortex.o
                0x0800126c                HAL_NVIC_SetPriority
 .text.HAL_NVIC_EnableIRQ
                0x08001296       0x20 ./Drivers/STM32L0xx_HAL_Driver/Src/stm32l0xx_hal_cortex.o
                0x08001296                HAL_NVIC_EnableIRQ
 .text.HAL_SYSTICK_Config
                0x080012b6       0x1a ./Drivers/STM32L0xx_HAL_Driver/Src/stm32l0xx_hal_cortex.o
                0x080012b6                HAL_SYSTICK_Config
 .text.HAL_GPIO_Init
                0x080012d0      0x2dc ./Drivers/STM32L0xx_HAL_Driver/Src/stm32l0xx_hal_gpio.o
                0x080012d0                HAL_GPIO_Init
 .text.HAL_GPIO_ReadPin
                0x080015ac       0x3a ./Drivers/STM32L0xx_HAL_Driver/Src/stm32l0xx_hal_gpio.o
                0x080015ac                HAL_GPIO_ReadPin
 .text.HAL_GPIO_WritePin
                0x080015e6       0x3a ./Drivers/STM32L0xx_HAL_Driver/Src/stm32l0xx_hal_gpio.o
                0x080015e6                HAL_GPIO_WritePin
 .text.HAL_PWR_EnableBkUpAccess
                0x08001620       0x1c ./Drivers/STM32L0xx_HAL_Driver/Src/stm32l0xx_hal_pwr.o
                0x08001620                HAL_PWR_EnableBkUpAccess
 .text.HAL_RCC_OscConfig
                0x0800163c      0x6f8 ./Drivers/STM32L0xx_HAL_Driver/Src/stm32l0xx_hal_rcc.o
                0x0800163c                HAL_RCC_OscConfig
 .text.HAL_RCC_ClockConfig
                0x08001d34      0x290 ./Drivers/STM32L0xx_HAL_Driver/Src/stm32l0xx_hal_rcc.o
                0x08001d34                HAL_RCC_ClockConfig
 .text.HAL_RCC_GetSysClockFreq
                0x08001fc4      0x14c ./Drivers/STM32L0xx_HAL_Driver/Src/stm32l0xx_hal_rcc.o
                0x08001fc4                HAL_RCC_GetSysClockFreq
 .text.HAL_RCCEx_PeriphCLKConfig
                0x08002110      0x258 ./Drivers/STM32L0xx_HAL_Driver/Src/stm32l0xx_hal_rcc_ex.o
                0x08002110                HAL_RCCEx_PeriphCLKConfig
 .text.HAL_RTC_Init
                0x08002368      0x138 ./Drivers/STM32L0xx_HAL_Driver/Src/stm32l0xx_hal_rtc.o
                0x08002368                HAL_RTC_Init
 .text.HAL_RTC_SetTime
                0x080024a0      0x154 ./Drivers/STM32L0xx_HAL_Driver/Src/stm32l0xx_hal_rtc.o
                0x080024a0                HAL_RTC_SetTime
 .text.HAL_RTC_SetDate
                0x080025f4      0x128 ./Drivers/STM32L0xx_HAL_Driver/Src/stm32l0xx_hal_rtc.o
                0x080025f4                HAL_RTC_SetDate
 .text.HAL_RTC_SetAlarm_IT
                0x0800271c      0x2c4 ./Drivers/STM32L0xx_HAL_Driver/Src/stm32l0xx_hal_rtc.o
                0x0800271c                HAL_RTC_SetAlarm_IT
 .text.HAL_RTC_AlarmIRQHandler
                0x080029e0       0x9c ./Drivers/STM32L0xx_HAL_Driver/Src/stm32l0xx_hal_rtc.o
                0x080029e0                HAL_RTC_AlarmIRQHandler
 .text.HAL_RTC_AlarmAEventCallback
                0x08002a7c       0x10 ./Drivers/STM32L0xx_HAL_Driver/Src/stm32l0xx_hal_rtc.o
                0x08002a7c                HAL_RTC_AlarmAEventCallback
 .text.HAL_RTC_WaitForSynchro
                0x08002a8c       0x50 ./Drivers/STM32L0xx_HAL_Driver/Src/stm32l0xx_hal_rtc.o
                0x08002a8c                HAL_RTC_WaitForSynchro
 .text.RTC_EnterInitMode
                0x08002adc       0x88 ./Drivers/STM32L0xx_HAL_Driver/Src/stm32l0xx_hal_rtc.o
                0x08002adc                RTC_EnterInitMode
 .text.RTC_ExitInitMode
                0x08002b64       0x54 ./Drivers/STM32L0xx_HAL_Driver/Src/stm32l0xx_hal_rtc.o
                0x08002b64                RTC_ExitInitMode
 .text.RTC_ByteToBcd2
                0x08002bb8       0x42 ./Drivers/STM32L0xx_HAL_Driver/Src/stm32l0xx_hal_rtc.o
                0x08002bb8                RTC_ByteToBcd2
 *fill*         0x08002bfa        0x2 
 .text.HAL_RTCEx_SetWakeUpTimer_IT
                0x08002bfc      0x1b0 ./Drivers/STM32L0xx_HAL_Driver/Src/stm32l0xx_hal_rtc_ex.o
                0x08002bfc                HAL_RTCEx_SetWakeUpTimer_IT
 .text.HAL_RTCEx_WakeUpTimerIRQHandler
                0x08002dac       0x60 ./Drivers/STM32L0xx_HAL_Driver/Src/stm32l0xx_hal_rtc_ex.o
                0x08002dac                HAL_RTCEx_WakeUpTimerIRQHandler
 .text.HAL_RTCEx_WakeUpTimerEventCallback
                0x08002e0c       0x10 ./Drivers/STM32L0xx_HAL_Driver/Src/stm32l0xx_hal_rtc_ex.o
                0x08002e0c                HAL_RTCEx_WakeUpTimerEventCallback
 .text.HAL_RTCEx_AlarmBEventCallback
                0x08002e1c       0x10 ./Drivers/STM32L0xx_HAL_Driver/Src/stm32l0xx_hal_rtc_ex.o
                0x08002e1c                HAL_RTCEx_AlarmBEventCallback
 .text.HAL_TIM_Base_Init
                0x08002e2c       0x80 ./Drivers/STM32L0xx_HAL_Driver/Src/stm32l0xx_hal_tim.o
                0x08002e2c                HAL_TIM_Base_Init
 .text.HAL_TIM_PWM_Init
                0x08002eac       0x80 ./Drivers/STM32L0xx_HAL_Driver/Src/stm32l0xx_hal_tim.o
                0x08002eac                HAL_TIM_PWM_Init
 .text.HAL_TIM_PWM_MspInit
                0x08002f2c       0x10 ./Drivers/STM32L0xx_HAL_Driver/Src/stm32l0xx_hal_tim.o
                0x08002f2c                HAL_TIM_PWM_MspInit
 .text.HAL_TIM_PWM_ConfigChannel
                0x08002f3c      0x18c ./Drivers/STM32L0xx_HAL_Driver/Src/stm32l0xx_hal_tim.o
                0x08002f3c                HAL_TIM_PWM_ConfigChannel
 .text.HAL_TIM_ConfigClockSource
                0x080030c8      0x1a8 ./Drivers/STM32L0xx_HAL_Driver/Src/stm32l0xx_hal_tim.o
                0x080030c8                HAL_TIM_ConfigClockSource
 .text.TIM_Base_SetConfig
                0x08003270       0xa8 ./Drivers/STM32L0xx_HAL_Driver/Src/stm32l0xx_hal_tim.o
 .text.TIM_OC1_SetConfig
                0x08003318       0x78 ./Drivers/STM32L0xx_HAL_Driver/Src/stm32l0xx_hal_tim.o
 .text.TIM_OC2_SetConfig
                0x08003390       0x84 ./Drivers/STM32L0xx_HAL_Driver/Src/stm32l0xx_hal_tim.o
 .text.TIM_OC3_SetConfig
                0x08003414       0x80 ./Drivers/STM32L0xx_HAL_Driver/Src/stm32l0xx_hal_tim.o
 .text.TIM_OC4_SetConfig
                0x08003494       0x8c ./Drivers/STM32L0xx_HAL_Driver/Src/stm32l0xx_hal_tim.o
 .text.TIM_TI1_ConfigInputStage
                0x08003520       0x5c ./Drivers/STM32L0xx_HAL_Driver/Src/stm32l0xx_hal_tim.o
 .text.TIM_TI2_ConfigInputStage
                0x0800357c       0x64 ./Drivers/STM32L0xx_HAL_Driver/Src/stm32l0xx_hal_tim.o
 .text.TIM_ITRx_SetConfig
                0x080035e0       0x32 ./Drivers/STM32L0xx_HAL_Driver/Src/stm32l0xx_hal_tim.o
 *fill*         0x08003612        0x2 
 .text.TIM_ETR_SetConfig
                0x08003614       0x40 ./Drivers/STM32L0xx_HAL_Driver/Src/stm32l0xx_hal_tim.o
 .text.HAL_TIMEx_MasterConfigSynchronization
                0x08003654       0xb0 ./Drivers/STM32L0xx_HAL_Driver/Src/stm32l0xx_hal_tim_ex.o
                0x08003654                HAL_TIMEx_MasterConfigSynchronization
 .text.memset   0x08003704       0x10 C:/ST/STM32CubeIDE_1.16.1/STM32CubeIDE/plugins/com.st.stm32cube.ide.mcu.externaltools.gnu-tools-for-stm32.12.3.rel1.win32_1.0.200.202406191623/tools/bin/../lib/gcc/arm-none-eabi/12.3.1/../../../../arm-none-eabi/lib/thumb/v6-m/nofp\libc_nano.a(libc_a-memset.o)
                0x08003704                memset
 .text.__libc_init_array
                0x08003714       0x48 C:/ST/STM32CubeIDE_1.16.1/STM32CubeIDE/plugins/com.st.stm32cube.ide.mcu.externaltools.gnu-tools-for-stm32.12.3.rel1.win32_1.0.200.202406191623/tools/bin/../lib/gcc/arm-none-eabi/12.3.1/../../../../arm-none-eabi/lib/thumb/v6-m/nofp\libc_nano.a(libc_a-init.o)
                0x08003714                __libc_init_array
 *(.glue_7)
 .glue_7        0x0800375c        0x0 linker stubs
 *(.glue_7t)
 .glue_7t       0x0800375c        0x0 linker stubs
 *(.eh_frame)
 .eh_frame      0x0800375c        0x0 C:/ST/STM32CubeIDE_1.16.1/STM32CubeIDE/plugins/com.st.stm32cube.ide.mcu.externaltools.gnu-tools-for-stm32.12.3.rel1.win32_1.0.200.202406191623/tools/bin/../lib/gcc/arm-none-eabi/12.3.1/thumb/v6-m/nofp/crtbegin.o
 *(.init)
 .init          0x0800375c        0x4 C:/ST/STM32CubeIDE_1.16.1/STM32CubeIDE/plugins/com.st.stm32cube.ide.mcu.externaltools.gnu-tools-for-stm32.12.3.rel1.win32_1.0.200.202406191623/tools/bin/../lib/gcc/arm-none-eabi/12.3.1/thumb/v6-m/nofp/crti.o
                0x0800375c                _init
 .init          0x08003760        0x8 C:/ST/STM32CubeIDE_1.16.1/STM32CubeIDE/plugins/com.st.stm32cube.ide.mcu.externaltools.gnu-tools-for-stm32.12.3.rel1.win32_1.0.200.202406191623/tools/bin/../lib/gcc/arm-none-eabi/12.3.1/thumb/v6-m/nofp/crtn.o
 *(.fini)
 .fini          0x08003768        0x4 C:/ST/STM32CubeIDE_1.16.1/STM32CubeIDE/plugins/com.st.stm32cube.ide.mcu.externaltools.gnu-tools-for-stm32.12.3.rel1.win32_1.0.200.202406191623/tools/bin/../lib/gcc/arm-none-eabi/12.3.1/thumb/v6-m/nofp/crti.o
                0x08003768                _fini
 .fini          0x0800376c        0x8 C:/ST/STM32CubeIDE_1.16.1/STM32CubeIDE/plugins/com.st.stm32cube.ide.mcu.externaltools.gnu-tools-for-stm32.12.3.rel1.win32_1.0.200.202406191623/tools/bin/../lib/gcc/arm-none-eabi/12.3.1/thumb/v6-m/nofp/crtn.o
                0x08003774                        . = ALIGN (0x4)
                0x08003774                        _etext = .

.vfp11_veneer   0x08003774        0x0
 .vfp11_veneer  0x08003774        0x0 linker stubs

.v4_bx          0x08003774        0x0
 .v4_bx         0x08003774        0x0 linker stubs

.iplt           0x08003774        0x0
 .iplt          0x08003774        0x0 C:/ST/STM32CubeIDE_1.16.1/STM32CubeIDE/plugins/com.st.stm32cube.ide.mcu.externaltools.gnu-tools-for-stm32.12.3.rel1.win32_1.0.200.202406191623/tools/bin/../lib/gcc/arm-none-eabi/12.3.1/thumb/v6-m/nofp/crtbegin.o

.rodata         0x08003774       0x1c
                0x08003774                        . = ALIGN (0x4)
 *(.rodata)
 *(.rodata*)
 .rodata.AHBPrescTable
                0x08003774       0x10 ./Core/Src/system_stm32l0xx.o
                0x08003774                AHBPrescTable
 .rodata.PLLMulTable
                0x08003784        0x9 ./Core/Src/system_stm32l0xx.o
                0x08003784                PLLMulTable
                0x08003790                        . = ALIGN (0x4)
 *fill*         0x0800378d        0x3 

.ARM.extab      0x08003790        0x0
                0x08003790                        . = ALIGN (0x4)
 *(.ARM.extab* .gnu.linkonce.armextab.*)
                0x08003790                        . = ALIGN (0x4)

.ARM            0x08003790        0x8
                0x08003790                        . = ALIGN (0x4)
                0x08003790                        __exidx_start = .
 *(.ARM.exidx*)
 .ARM.exidx     0x08003790        0x8 C:/ST/STM32CubeIDE_1.16.1/STM32CubeIDE/plugins/com.st.stm32cube.ide.mcu.externaltools.gnu-tools-for-stm32.12.3.rel1.win32_1.0.200.202406191623/tools/bin/../lib/gcc/arm-none-eabi/12.3.1/thumb/v6-m/nofp\libgcc.a(_udivmoddi4.o)
                0x08003798                        __exidx_end = .
                0x08003798                        . = ALIGN (0x4)

.preinit_array  0x08003798        0x0
                0x08003798                        . = ALIGN (0x4)
                0x08003798                        PROVIDE (__preinit_array_start = .)
 *(.preinit_array*)
                0x08003798                        PROVIDE (__preinit_array_end = .)
                0x08003798                        . = ALIGN (0x4)

.init_array     0x08003798        0x4
                0x08003798                        . = ALIGN (0x4)
                0x08003798                        PROVIDE (__init_array_start = .)
 *(SORT_BY_NAME(.init_array.*))
 *(.init_array*)
 .init_array    0x08003798        0x4 C:/ST/STM32CubeIDE_1.16.1/STM32CubeIDE/plugins/com.st.stm32cube.ide.mcu.externaltools.gnu-tools-for-stm32.12.3.rel1.win32_1.0.200.202406191623/tools/bin/../lib/gcc/arm-none-eabi/12.3.1/thumb/v6-m/nofp/crtbegin.o
                0x0800379c                        PROVIDE (__init_array_end = .)
                0x0800379c                        . = ALIGN (0x4)

.fini_array     0x0800379c        0x4
                0x0800379c                        . = ALIGN (0x4)
                [!provide]                        PROVIDE (__fini_array_start = .)
 *(SORT_BY_NAME(.fini_array.*))
 *(.fini_array*)
 .fini_array    0x0800379c        0x4 C:/ST/STM32CubeIDE_1.16.1/STM32CubeIDE/plugins/com.st.stm32cube.ide.mcu.externaltools.gnu-tools-for-stm32.12.3.rel1.win32_1.0.200.202406191623/tools/bin/../lib/gcc/arm-none-eabi/12.3.1/thumb/v6-m/nofp/crtbegin.o
                [!provide]                        PROVIDE (__fini_array_end = .)
                0x080037a0                        . = ALIGN (0x4)
                0x080037a0                        _sidata = LOADADDR (.data)

.rel.dyn        0x080037a0        0x0
 .rel.iplt      0x080037a0        0x0 C:/ST/STM32CubeIDE_1.16.1/STM32CubeIDE/plugins/com.st.stm32cube.ide.mcu.externaltools.gnu-tools-for-stm32.12.3.rel1.win32_1.0.200.202406191623/tools/bin/../lib/gcc/arm-none-eabi/12.3.1/thumb/v6-m/nofp/crtbegin.o

.data           0x20000000       0x10 load address 0x080037a0
                0x20000000                        . = ALIGN (0x4)
                0x20000000                        _sdata = .
 *(.data)
 *(.data*)
 .data.currentMode
                0x20000000        0x1 ./Core/Src/main.o
                0x20000000                currentMode
 *fill*         0x20000001        0x3 
 .data.SystemCoreClock
                0x20000004        0x4 ./Core/Src/system_stm32l0xx.o
                0x20000004                SystemCoreClock
 .data.uwTickPrio
                0x20000008        0x4 ./Drivers/STM32L0xx_HAL_Driver/Src/stm32l0xx_hal.o
                0x20000008                uwTickPrio
 .data.uwTickFreq
                0x2000000c        0x1 ./Drivers/STM32L0xx_HAL_Driver/Src/stm32l0xx_hal.o
                0x2000000c                uwTickFreq
 *(.RamFunc)
 *(.RamFunc*)
                0x20000010                        . = ALIGN (0x4)
 *fill*         0x2000000d        0x3 
                0x20000010                        _edata = .

.igot.plt       0x20000010        0x0 load address 0x080037b0
 .igot.plt      0x20000010        0x0 C:/ST/STM32CubeIDE_1.16.1/STM32CubeIDE/plugins/com.st.stm32cube.ide.mcu.externaltools.gnu-tools-for-stm32.12.3.rel1.win32_1.0.200.202406191623/tools/bin/../lib/gcc/arm-none-eabi/12.3.1/thumb/v6-m/nofp/crtbegin.o
                0x20000010                        . = ALIGN (0x4)

.bss            0x20000010       0x94 load address 0x080037b0
                0x20000010                        _sbss = .
                0x20000010                        __bss_start__ = _sbss
 *(.bss)
 .bss           0x20000010       0x1c C:/ST/STM32CubeIDE_1.16.1/STM32CubeIDE/plugins/com.st.stm32cube.ide.mcu.externaltools.gnu-tools-for-stm32.12.3.rel1.win32_1.0.200.202406191623/tools/bin/../lib/gcc/arm-none-eabi/12.3.1/thumb/v6-m/nofp/crtbegin.o
 *(.bss*)
 .bss.hrtc      0x2000002c       0x24 ./Core/Src/main.o
                0x2000002c                hrtc
 .bss.htim2     0x20000050       0x40 ./Core/Src/main.o
                0x20000050                htim2
 .bss.currentTime
                0x20000090        0x6 ./Core/Src/main.o
                0x20000090                currentTime
 *fill*         0x20000096        0x2 
 .bss.alarmTime
                0x20000098        0x6 ./Core/Src/main.o
                0x20000098                alarmTime
 *fill*         0x2000009e        0x2 
 .bss.uwTick    0x200000a0        0x4 ./Drivers/STM32L0xx_HAL_Driver/Src/stm32l0xx_hal.o
                0x200000a0                uwTick
 *(COMMON)
                0x200000a4                        . = ALIGN (0x4)
                0x200000a4                        _ebss = .
                0x200000a4                        __bss_end__ = _ebss

._user_heap_stack
                0x200000a4      0x604 load address 0x080037b0
                0x200000a8                        . = ALIGN (0x8)
 *fill*         0x200000a4        0x4 
                [!provide]                        PROVIDE (end = .)
                0x200000a8                        PROVIDE (_end = .)
                0x200002a8                        . = (. + _Min_Heap_Size)
 *fill*         0x200000a8      0x200 
                0x200006a8                        . = (. + _Min_Stack_Size)
 *fill*         0x200002a8      0x400 
                0x200006a8                        . = ALIGN (0x8)

/DISCARD/
 libc.a(*)
 libm.a(*)
 libgcc.a(*)

.ARM.attributes
                0x00000000       0x28
 *(.ARM.attributes)
 .ARM.attributes
                0x00000000       0x1e C:/ST/STM32CubeIDE_1.16.1/STM32CubeIDE/plugins/com.st.stm32cube.ide.mcu.externaltools.gnu-tools-for-stm32.12.3.rel1.win32_1.0.200.202406191623/tools/bin/../lib/gcc/arm-none-eabi/12.3.1/thumb/v6-m/nofp/crti.o
 .ARM.attributes
                0x0000001e       0x2c C:/ST/STM32CubeIDE_1.16.1/STM32CubeIDE/plugins/com.st.stm32cube.ide.mcu.externaltools.gnu-tools-for-stm32.12.3.rel1.win32_1.0.200.202406191623/tools/bin/../lib/gcc/arm-none-eabi/12.3.1/thumb/v6-m/nofp/crtbegin.o
 .ARM.attributes
                0x0000004a       0x2c ./Core/Src/main.o
 .ARM.attributes
                0x00000076       0x2c ./Core/Src/stm32l0xx_hal_msp.o
 .ARM.attributes
                0x000000a2       0x2c ./Core/Src/stm32l0xx_it.o
 .ARM.attributes
                0x000000ce       0x2c ./Core/Src/system_stm32l0xx.o
 .ARM.attributes
                0x000000fa       0x22 ./Core/Startup/startup_stm32l041k6tx.o
 .ARM.attributes
                0x0000011c       0x2c ./Drivers/STM32L0xx_HAL_Driver/Src/stm32l0xx_hal.o
 .ARM.attributes
                0x00000148       0x2c ./Drivers/STM32L0xx_HAL_Driver/Src/stm32l0xx_hal_cortex.o
 .ARM.attributes
                0x00000174       0x2c ./Drivers/STM32L0xx_HAL_Driver/Src/stm32l0xx_hal_gpio.o
 .ARM.attributes
                0x000001a0       0x2c ./Drivers/STM32L0xx_HAL_Driver/Src/stm32l0xx_hal_pwr.o
 .ARM.attributes
                0x000001cc       0x2c ./Drivers/STM32L0xx_HAL_Driver/Src/stm32l0xx_hal_rcc.o
 .ARM.attributes
                0x000001f8       0x2c ./Drivers/STM32L0xx_HAL_Driver/Src/stm32l0xx_hal_rcc_ex.o
 .ARM.attributes
                0x00000224       0x2c ./Drivers/STM32L0xx_HAL_Driver/Src/stm32l0xx_hal_rtc.o
 .ARM.attributes
                0x00000250       0x2c ./Drivers/STM32L0xx_HAL_Driver/Src/stm32l0xx_hal_rtc_ex.o
 .ARM.attributes
                0x0000027c       0x2c ./Drivers/STM32L0xx_HAL_Driver/Src/stm32l0xx_hal_tim.o
 .ARM.attributes
                0x000002a8       0x2c ./Drivers/STM32L0xx_HAL_Driver/Src/stm32l0xx_hal_tim_ex.o
 .ARM.attributes
                0x000002d4       0x2c C:/ST/STM32CubeIDE_1.16.1/STM32CubeIDE/plugins/com.st.stm32cube.ide.mcu.externaltools.gnu-tools-for-stm32.12.3.rel1.win32_1.0.200.202406191623/tools/bin/../lib/gcc/arm-none-eabi/12.3.1/../../../../arm-none-eabi/lib/thumb/v6-m/nofp\libc_nano.a(libc_a-memset.o)
 .ARM.attributes
                0x00000300       0x2c C:/ST/STM32CubeIDE_1.16.1/STM32CubeIDE/plugins/com.st.stm32cube.ide.mcu.externaltools.gnu-tools-for-stm32.12.3.rel1.win32_1.0.200.202406191623/tools/bin/../lib/gcc/arm-none-eabi/12.3.1/../../../../arm-none-eabi/lib/thumb/v6-m/nofp\libc_nano.a(libc_a-init.o)
 .ARM.attributes
                0x0000032c       0x1e C:/ST/STM32CubeIDE_1.16.1/STM32CubeIDE/plugins/com.st.stm32cube.ide.mcu.externaltools.gnu-tools-for-stm32.12.3.rel1.win32_1.0.200.202406191623/tools/bin/../lib/gcc/arm-none-eabi/12.3.1/thumb/v6-m/nofp\libgcc.a(_udivsi3.o)
 .ARM.attributes
                0x0000034a       0x1e C:/ST/STM32CubeIDE_1.16.1/STM32CubeIDE/plugins/com.st.stm32cube.ide.mcu.externaltools.gnu-tools-for-stm32.12.3.rel1.win32_1.0.200.202406191623/tools/bin/../lib/gcc/arm-none-eabi/12.3.1/thumb/v6-m/nofp\libgcc.a(_divsi3.o)
 .ARM.attributes
                0x00000368       0x1e C:/ST/STM32CubeIDE_1.16.1/STM32CubeIDE/plugins/com.st.stm32cube.ide.mcu.externaltools.gnu-tools-for-stm32.12.3.rel1.win32_1.0.200.202406191623/tools/bin/../lib/gcc/arm-none-eabi/12.3.1/thumb/v6-m/nofp\libgcc.a(_dvmd_tls.o)
 .ARM.attributes
                0x00000386       0x1e C:/ST/STM32CubeIDE_1.16.1/STM32CubeIDE/plugins/com.st.stm32cube.ide.mcu.externaltools.gnu-tools-for-stm32.12.3.rel1.win32_1.0.200.202406191623/tools/bin/../lib/gcc/arm-none-eabi/12.3.1/thumb/v6-m/nofp\libgcc.a(_aeabi_uldivmod.o)
 .ARM.attributes
                0x000003a4       0x2c C:/ST/STM32CubeIDE_1.16.1/STM32CubeIDE/plugins/com.st.stm32cube.ide.mcu.externaltools.gnu-tools-for-stm32.12.3.rel1.win32_1.0.200.202406191623/tools/bin/../lib/gcc/arm-none-eabi/12.3.1/thumb/v6-m/nofp\libgcc.a(_muldi3.o)
 .ARM.attributes
                0x000003d0       0x2c C:/ST/STM32CubeIDE_1.16.1/STM32CubeIDE/plugins/com.st.stm32cube.ide.mcu.externaltools.gnu-tools-for-stm32.12.3.rel1.win32_1.0.200.202406191623/tools/bin/../lib/gcc/arm-none-eabi/12.3.1/thumb/v6-m/nofp\libgcc.a(_udivmoddi4.o)
 .ARM.attributes
                0x000003fc       0x1e C:/ST/STM32CubeIDE_1.16.1/STM32CubeIDE/plugins/com.st.stm32cube.ide.mcu.externaltools.gnu-tools-for-stm32.12.3.rel1.win32_1.0.200.202406191623/tools/bin/../lib/gcc/arm-none-eabi/12.3.1/thumb/v6-m/nofp\libgcc.a(_clzdi2.o)
 .ARM.attributes
                0x0000041a       0x1e C:/ST/STM32CubeIDE_1.16.1/STM32CubeIDE/plugins/com.st.stm32cube.ide.mcu.externaltools.gnu-tools-for-stm32.12.3.rel1.win32_1.0.200.202406191623/tools/bin/../lib/gcc/arm-none-eabi/12.3.1/thumb/v6-m/nofp\libgcc.a(_clzsi2.o)
 .ARM.attributes
                0x00000438       0x1e C:/ST/STM32CubeIDE_1.16.1/STM32CubeIDE/plugins/com.st.stm32cube.ide.mcu.externaltools.gnu-tools-for-stm32.12.3.rel1.win32_1.0.200.202406191623/tools/bin/../lib/gcc/arm-none-eabi/12.3.1/thumb/v6-m/nofp/crtn.o
OUTPUT(relogio-binario-v2.elf elf32-littlearm)
LOAD linker stubs
LOAD C:/ST/STM32CubeIDE_1.16.1/STM32CubeIDE/plugins/com.st.stm32cube.ide.mcu.externaltools.gnu-tools-for-stm32.12.3.rel1.win32_1.0.200.202406191623/tools/bin/../lib/gcc/arm-none-eabi/12.3.1/../../../../arm-none-eabi/lib/thumb/v6-m/nofp\libc.a
LOAD C:/ST/STM32CubeIDE_1.16.1/STM32CubeIDE/plugins/com.st.stm32cube.ide.mcu.externaltools.gnu-tools-for-stm32.12.3.rel1.win32_1.0.200.202406191623/tools/bin/../lib/gcc/arm-none-eabi/12.3.1/../../../../arm-none-eabi/lib/thumb/v6-m/nofp\libm.a
LOAD C:/ST/STM32CubeIDE_1.16.1/STM32CubeIDE/plugins/com.st.stm32cube.ide.mcu.externaltools.gnu-tools-for-stm32.12.3.rel1.win32_1.0.200.202406191623/tools/bin/../lib/gcc/arm-none-eabi/12.3.1/thumb/v6-m/nofp\libgcc.a

.debug_info     0x00000000     0x9851
 .debug_info    0x00000000     0x14e7 ./Core/Src/main.o
 .debug_info    0x000014e7      0xc75 ./Core/Src/stm32l0xx_hal_msp.o
 .debug_info    0x0000215c      0x383 ./Core/Src/stm32l0xx_it.o
 .debug_info    0x000024df      0x2d0 ./Core/Src/system_stm32l0xx.o
 .debug_info    0x000027af       0x30 ./Core/Startup/startup_stm32l041k6tx.o
 .debug_info    0x000027df      0x818 ./Drivers/STM32L0xx_HAL_Driver/Src/stm32l0xx_hal.o
 .debug_info    0x00002ff7      0x678 ./Drivers/STM32L0xx_HAL_Driver/Src/stm32l0xx_hal_cortex.o
 .debug_info    0x0000366f      0x624 ./Drivers/STM32L0xx_HAL_Driver/Src/stm32l0xx_hal_gpio.o
 .debug_info    0x00003c93      0x5fe ./Drivers/STM32L0xx_HAL_Driver/Src/stm32l0xx_hal_pwr.o
 .debug_info    0x00004291      0x970 ./Drivers/STM32L0xx_HAL_Driver/Src/stm32l0xx_hal_rcc.o
 .debug_info    0x00004c01      0x46d ./Drivers/STM32L0xx_HAL_Driver/Src/stm32l0xx_hal_rcc_ex.o
 .debug_info    0x0000506e      0xb7a ./Drivers/STM32L0xx_HAL_Driver/Src/stm32l0xx_hal_rtc.o
 .debug_info    0x00005be8      0xe07 ./Drivers/STM32L0xx_HAL_Driver/Src/stm32l0xx_hal_rtc_ex.o
 .debug_info    0x000069ef     0x27b3 ./Drivers/STM32L0xx_HAL_Driver/Src/stm32l0xx_hal_tim.o
 .debug_info    0x000091a2      0x6af ./Drivers/STM32L0xx_HAL_Driver/Src/stm32l0xx_hal_tim_ex.o

.debug_abbrev   0x00000000     0x1c6b
 .debug_abbrev  0x00000000      0x2d8 ./Core/Src/main.o
 .debug_abbrev  0x000002d8      0x1e2 ./Core/Src/stm32l0xx_hal_msp.o
 .debug_abbrev  0x000004ba      0x14b ./Core/Src/stm32l0xx_it.o
 .debug_abbrev  0x00000605      0x11c ./Core/Src/system_stm32l0xx.o
 .debug_abbrev  0x00000721       0x24 ./Core/Startup/startup_stm32l041k6tx.o
 .debug_abbrev  0x00000745      0x2a4 ./Drivers/STM32L0xx_HAL_Driver/Src/stm32l0xx_hal.o
 .debug_abbrev  0x000009e9      0x26f ./Drivers/STM32L0xx_HAL_Driver/Src/stm32l0xx_hal_cortex.o
 .debug_abbrev  0x00000c58      0x1ca ./Drivers/STM32L0xx_HAL_Driver/Src/stm32l0xx_hal_gpio.o
 .debug_abbrev  0x00000e22      0x18c ./Drivers/STM32L0xx_HAL_Driver/Src/stm32l0xx_hal_pwr.o
 .debug_abbrev  0x00000fae      0x295 ./Drivers/STM32L0xx_HAL_Driver/Src/stm32l0xx_hal_rcc.o
 .debug_abbrev  0x00001243      0x1d2 ./Drivers/STM32L0xx_HAL_Driver/Src/stm32l0xx_hal_rcc_ex.o
 .debug_abbrev  0x00001415      0x1fc ./Drivers/STM32L0xx_HAL_Driver/Src/stm32l0xx_hal_rtc.o
 .debug_abbrev  0x00001611      0x23d ./Drivers/STM32L0xx_HAL_Driver/Src/stm32l0xx_hal_rtc_ex.o
 .debug_abbrev  0x0000184e      0x272 ./Drivers/STM32L0xx_HAL_Driver/Src/stm32l0xx_hal_tim.o
 .debug_abbrev  0x00001ac0      0x1ab ./Drivers/STM32L0xx_HAL_Driver/Src/stm32l0xx_hal_tim_ex.o

.debug_aranges  0x00000000      0xb48
 .debug_aranges
                0x00000000       0xb8 ./Core/Src/main.o
 .debug_aranges
                0x000000b8       0x48 ./Core/Src/stm32l0xx_hal_msp.o
 .debug_aranges
                0x00000100       0x48 ./Core/Src/stm32l0xx_it.o
 .debug_aranges
                0x00000148       0x28 ./Core/Src/system_stm32l0xx.o
 .debug_aranges
                0x00000170       0x28 ./Core/Startup/startup_stm32l041k6tx.o
 .debug_aranges
                0x00000198      0x110 ./Drivers/STM32L0xx_HAL_Driver/Src/stm32l0xx_hal.o
 .debug_aranges
                0x000002a8       0xc0 ./Drivers/STM32L0xx_HAL_Driver/Src/stm32l0xx_hal_cortex.o
 .debug_aranges
                0x00000368       0x58 ./Drivers/STM32L0xx_HAL_Driver/Src/stm32l0xx_hal_gpio.o
 .debug_aranges
                0x000003c0       0xa0 ./Drivers/STM32L0xx_HAL_Driver/Src/stm32l0xx_hal_pwr.o
 .debug_aranges
                0x00000460       0x80 ./Drivers/STM32L0xx_HAL_Driver/Src/stm32l0xx_hal_rcc.o
 .debug_aranges
                0x000004e0       0x58 ./Drivers/STM32L0xx_HAL_Driver/Src/stm32l0xx_hal_rcc_ex.o
 .debug_aranges
                0x00000538       0xe8 ./Drivers/STM32L0xx_HAL_Driver/Src/stm32l0xx_hal_rtc.o
 .debug_aranges
                0x00000620      0x130 ./Drivers/STM32L0xx_HAL_Driver/Src/stm32l0xx_hal_rtc_ex.o
 .debug_aranges
                0x00000750      0x3d0 ./Drivers/STM32L0xx_HAL_Driver/Src/stm32l0xx_hal_tim.o
 .debug_aranges
                0x00000b20       0x28 ./Drivers/STM32L0xx_HAL_Driver/Src/stm32l0xx_hal_tim_ex.o

.debug_rnglists
                0x00000000      0x897
 .debug_rnglists
                0x00000000       0x8a ./Core/Src/main.o
 .debug_rnglists
                0x0000008a       0x31 ./Core/Src/stm32l0xx_hal_msp.o
 .debug_rnglists
                0x000000bb       0x31 ./Core/Src/stm32l0xx_it.o
 .debug_rnglists
                0x000000ec       0x1a ./Core/Src/system_stm32l0xx.o
 .debug_rnglists
                0x00000106       0x19 ./Core/Startup/startup_stm32l041k6tx.o
 .debug_rnglists
                0x0000011f       0xc7 ./Drivers/STM32L0xx_HAL_Driver/Src/stm32l0xx_hal.o
 .debug_rnglists
                0x000001e6       0x8c ./Drivers/STM32L0xx_HAL_Driver/Src/stm32l0xx_hal_cortex.o
 .debug_rnglists
                0x00000272       0x3f ./Drivers/STM32L0xx_HAL_Driver/Src/stm32l0xx_hal_gpio.o
 .debug_rnglists
                0x000002b1       0x76 ./Drivers/STM32L0xx_HAL_Driver/Src/stm32l0xx_hal_pwr.o
 .debug_rnglists
                0x00000327       0x61 ./Drivers/STM32L0xx_HAL_Driver/Src/stm32l0xx_hal_rcc.o
 .debug_rnglists
                0x00000388       0x40 ./Drivers/STM32L0xx_HAL_Driver/Src/stm32l0xx_hal_rcc_ex.o
 .debug_rnglists
                0x000003c8       0xb5 ./Drivers/STM32L0xx_HAL_Driver/Src/stm32l0xx_hal_rtc.o
 .debug_rnglists
                0x0000047d       0xf0 ./Drivers/STM32L0xx_HAL_Driver/Src/stm32l0xx_hal_rtc_ex.o
 .debug_rnglists
                0x0000056d      0x310 ./Drivers/STM32L0xx_HAL_Driver/Src/stm32l0xx_hal_tim.o
 .debug_rnglists
                0x0000087d       0x1a ./Drivers/STM32L0xx_HAL_Driver/Src/stm32l0xx_hal_tim_ex.o

.debug_macro    0x00000000    0x116e9
 .debug_macro   0x00000000      0x1de ./Core/Src/main.o
 .debug_macro   0x000001de      0xa8a ./Core/Src/main.o
 .debug_macro   0x00000c68      0x125 ./Core/Src/main.o
 .debug_macro   0x00000d8d       0x2e ./Core/Src/main.o
 .debug_macro   0x00000dbb       0x28 ./Core/Src/main.o
 .debug_macro   0x00000de3       0x22 ./Core/Src/main.o
 .debug_macro   0x00000e05       0x8e ./Core/Src/main.o
 .debug_macro   0x00000e93       0x51 ./Core/Src/main.o
 .debug_macro   0x00000ee4      0x103 ./Core/Src/main.o
 .debug_macro   0x00000fe7       0x6a ./Core/Src/main.o
 .debug_macro   0x00001051      0x1df ./Core/Src/main.o
 .debug_macro   0x00001230       0x1c ./Core/Src/main.o
 .debug_macro   0x0000124c       0x22 ./Core/Src/main.o
 .debug_macro   0x0000126e       0xaf ./Core/Src/main.o
 .debug_macro   0x0000131d      0x3ad ./Core/Src/main.o
 .debug_macro   0x000016ca     0x8168 ./Core/Src/main.o
 .debug_macro   0x00009832       0x66 ./Core/Src/main.o
 .debug_macro   0x00009898     0x3590 ./Core/Src/main.o
 .debug_macro   0x0000ce28      0x189 ./Core/Src/main.o
 .debug_macro   0x0000cfb1       0x5c ./Core/Src/main.o
 .debug_macro   0x0000d00d      0x8b4 ./Core/Src/main.o
 .debug_macro   0x0000d8c1      0x4ba ./Core/Src/main.o
 .debug_macro   0x0000dd7b      0x189 ./Core/Src/main.o
 .debug_macro   0x0000df04      0x13f ./Core/Src/main.o
 .debug_macro   0x0000e043      0x10d ./Core/Src/main.o
 .debug_macro   0x0000e150       0x82 ./Core/Src/main.o
 .debug_macro   0x0000e1d2      0x295 ./Core/Src/main.o
 .debug_macro   0x0000e467       0x28 ./Core/Src/main.o
 .debug_macro   0x0000e48f      0x128 ./Core/Src/main.o
 .debug_macro   0x0000e5b7      0x23b ./Core/Src/main.o
 .debug_macro   0x0000e7f2      0x22c ./Core/Src/main.o
 .debug_macro   0x0000ea1e       0x5b ./Core/Src/main.o
 .debug_macro   0x0000ea79       0xa5 ./Core/Src/main.o
 .debug_macro   0x0000eb1e      0x186 ./Core/Src/main.o
 .debug_macro   0x0000eca4       0x16 ./Core/Src/main.o
 .debug_macro   0x0000ecba      0x321 ./Core/Src/main.o
 .debug_macro   0x0000efdb      0x420 ./Core/Src/main.o
 .debug_macro   0x0000f3fb       0xf2 ./Core/Src/main.o
 .debug_macro   0x0000f4ed      0x788 ./Core/Src/main.o
 .debug_macro   0x0000fc75       0xc6 ./Core/Src/main.o
 .debug_macro   0x0000fd3b      0x12a ./Core/Src/main.o
 .debug_macro   0x0000fe65       0xac ./Core/Src/main.o
 .debug_macro   0x0000ff11      0x1d8 ./Core/Src/stm32l0xx_hal_msp.o
 .debug_macro   0x000100e9      0x1e2 ./Core/Src/stm32l0xx_it.o
 .debug_macro   0x000102cb      0x1c9 ./Core/Src/system_stm32l0xx.o
 .debug_macro   0x00010494      0x1ed ./Drivers/STM32L0xx_HAL_Driver/Src/stm32l0xx_hal.o
 .debug_macro   0x00010681      0x1c9 ./Drivers/STM32L0xx_HAL_Driver/Src/stm32l0xx_hal_cortex.o
 .debug_macro   0x0001084a      0x1d0 ./Drivers/STM32L0xx_HAL_Driver/Src/stm32l0xx_hal_gpio.o
 .debug_macro   0x00010a1a      0x1e1 ./Drivers/STM32L0xx_HAL_Driver/Src/stm32l0xx_hal_pwr.o
 .debug_macro   0x00010bfb      0x1ff ./Drivers/STM32L0xx_HAL_Driver/Src/stm32l0xx_hal_rcc.o
 .debug_macro   0x00010dfa      0x1c9 ./Drivers/STM32L0xx_HAL_Driver/Src/stm32l0xx_hal_rcc_ex.o
 .debug_macro   0x00010fc3      0x1ca ./Drivers/STM32L0xx_HAL_Driver/Src/stm32l0xx_hal_rtc.o
 .debug_macro   0x0001118d      0x1c9 ./Drivers/STM32L0xx_HAL_Driver/Src/stm32l0xx_hal_rtc_ex.o
 .debug_macro   0x00011356      0x1ca ./Drivers/STM32L0xx_HAL_Driver/Src/stm32l0xx_hal_tim.o
 .debug_macro   0x00011520      0x1c9 ./Drivers/STM32L0xx_HAL_Driver/Src/stm32l0xx_hal_tim_ex.o

.debug_line     0x00000000     0xc85e
 .debug_line    0x00000000      0xbe7 ./Core/Src/main.o
 .debug_line    0x00000be7      0x816 ./Core/Src/stm32l0xx_hal_msp.o
 .debug_line    0x000013fd      0x7f1 ./Core/Src/stm32l0xx_it.o
 .debug_line    0x00001bee      0x824 ./Core/Src/system_stm32l0xx.o
 .debug_line    0x00002412       0x7b ./Core/Startup/startup_stm32l041k6tx.o
 .debug_line    0x0000248d      0xadb ./Drivers/STM32L0xx_HAL_Driver/Src/stm32l0xx_hal.o
 .debug_line    0x00002f68      0xa9e ./Drivers/STM32L0xx_HAL_Driver/Src/stm32l0xx_hal_cortex.o
 .debug_line    0x00003a06      0xb5f ./Drivers/STM32L0xx_HAL_Driver/Src/stm32l0xx_hal_gpio.o
 .debug_line    0x00004565      0x9b6 ./Drivers/STM32L0xx_HAL_Driver/Src/stm32l0xx_hal_pwr.o
 .debug_line    0x00004f1b      0xf06 ./Drivers/STM32L0xx_HAL_Driver/Src/stm32l0xx_hal_rcc.o
 .debug_line    0x00005e21      0xaca ./Drivers/STM32L0xx_HAL_Driver/Src/stm32l0xx_hal_rcc_ex.o
 .debug_line    0x000068eb     0x114b ./Drivers/STM32L0xx_HAL_Driver/Src/stm32l0xx_hal_rtc.o
 .debug_line    0x00007a36     0x15e5 ./Drivers/STM32L0xx_HAL_Driver/Src/stm32l0xx_hal_rtc_ex.o
 .debug_line    0x0000901b     0x3002 ./Drivers/STM32L0xx_HAL_Driver/Src/stm32l0xx_hal_tim.o
 .debug_line    0x0000c01d      0x841 ./Drivers/STM32L0xx_HAL_Driver/Src/stm32l0xx_hal_tim_ex.o

.debug_str      0x00000000    0x6cf78
 .debug_str     0x00000000    0x6a9d8 ./Core/Src/main.o
                              0x6adfb (size before relaxing)
 .debug_str     0x0006a9d8      0x1ce ./Core/Src/stm32l0xx_hal_msp.o
                              0x6a7f3 (size before relaxing)
 .debug_str     0x0006aba6       0xc9 ./Core/Src/stm32l0xx_it.o
                              0x6a0f9 (size before relaxing)
 .debug_str     0x0006ac6f       0x99 ./Core/Src/system_stm32l0xx.o
                              0x69d2f (size before relaxing)
 .debug_str     0x0006ad08       0x44 ./Core/Startup/startup_stm32l041k6tx.o
                                 0x8a (size before relaxing)
 .debug_str     0x0006ad4c      0x488 ./Drivers/STM32L0xx_HAL_Driver/Src/stm32l0xx_hal.o
                              0x6a3da (size before relaxing)
 .debug_str     0x0006b1d4      0x1b0 ./Drivers/STM32L0xx_HAL_Driver/Src/stm32l0xx_hal_cortex.o
                              0x6a02f (size before relaxing)
 .debug_str     0x0006b384       0xfd ./Drivers/STM32L0xx_HAL_Driver/Src/stm32l0xx_hal_gpio.o
                              0x69ecf (size before relaxing)
 .debug_str     0x0006b481      0x25e ./Drivers/STM32L0xx_HAL_Driver/Src/stm32l0xx_hal_pwr.o
                              0x69fba (size before relaxing)
 .debug_str     0x0006b6df      0x2b7 ./Drivers/STM32L0xx_HAL_Driver/Src/stm32l0xx_hal_rcc.o
                              0x6a230 (size before relaxing)
 .debug_str     0x0006b996      0x120 ./Drivers/STM32L0xx_HAL_Driver/Src/stm32l0xx_hal_rcc_ex.o
                              0x69f33 (size before relaxing)
 .debug_str     0x0006bab6      0x21e ./Drivers/STM32L0xx_HAL_Driver/Src/stm32l0xx_hal_rtc.o
                              0x6a1e5 (size before relaxing)
 .debug_str     0x0006bcd4      0x521 ./Drivers/STM32L0xx_HAL_Driver/Src/stm32l0xx_hal_rtc_ex.o
                              0x6a4c4 (size before relaxing)
 .debug_str     0x0006c1f5      0xd32 ./Drivers/STM32L0xx_HAL_Driver/Src/stm32l0xx_hal_tim.o
                              0x6aff7 (size before relaxing)
 .debug_str     0x0006cf27       0x51 ./Drivers/STM32L0xx_HAL_Driver/Src/stm32l0xx_hal_tim_ex.o
                              0x6a1ac (size before relaxing)

.comment        0x00000000       0x43
 .comment       0x00000000       0x43 ./Core/Src/main.o
                                 0x44 (size before relaxing)
 .comment       0x00000043       0x44 ./Core/Src/stm32l0xx_hal_msp.o
 .comment       0x00000043       0x44 ./Core/Src/stm32l0xx_it.o
 .comment       0x00000043       0x44 ./Core/Src/system_stm32l0xx.o
 .comment       0x00000043       0x44 ./Drivers/STM32L0xx_HAL_Driver/Src/stm32l0xx_hal.o
 .comment       0x00000043       0x44 ./Drivers/STM32L0xx_HAL_Driver/Src/stm32l0xx_hal_cortex.o
 .comment       0x00000043       0x44 ./Drivers/STM32L0xx_HAL_Driver/Src/stm32l0xx_hal_gpio.o
 .comment       0x00000043       0x44 ./Drivers/STM32L0xx_HAL_Driver/Src/stm32l0xx_hal_pwr.o
 .comment       0x00000043       0x44 ./Drivers/STM32L0xx_HAL_Driver/Src/stm32l0xx_hal_rcc.o
 .comment       0x00000043       0x44 ./Drivers/STM32L0xx_HAL_Driver/Src/stm32l0xx_hal_rcc_ex.o
 .comment       0x00000043       0x44 ./Drivers/STM32L0xx_HAL_Driver/Src/stm32l0xx_hal_rtc.o
 .comment       0x00000043       0x44 ./Drivers/STM32L0xx_HAL_Driver/Src/stm32l0xx_hal_rtc_ex.o
 .comment       0x00000043       0x44 ./Drivers/STM32L0xx_HAL_Driver/Src/stm32l0xx_hal_tim.o
 .comment       0x00000043       0x44 ./Drivers/STM32L0xx_HAL_Driver/Src/stm32l0xx_hal_tim_ex.o

.debug_frame    0x00000000     0x2828
 .debug_frame   0x00000000      0x254 ./Core/Src/main.o
 .debug_frame   0x00000254       0xcc ./Core/Src/stm32l0xx_hal_msp.o
 .debug_frame   0x00000320       0xb8 ./Core/Src/stm32l0xx_it.o
 .debug_frame   0x000003d8       0x4c ./Core/Src/system_stm32l0xx.o
 .debug_frame   0x00000424      0x394 ./Drivers/STM32L0xx_HAL_Driver/Src/stm32l0xx_hal.o
 .debug_frame   0x000007b8      0x2a0 ./Drivers/STM32L0xx_HAL_Driver/Src/stm32l0xx_hal_cortex.o
 .debug_frame   0x00000a58      0x110 ./Drivers/STM32L0xx_HAL_Driver/Src/stm32l0xx_hal_gpio.o
 .debug_frame   0x00000b68      0x200 ./Drivers/STM32L0xx_HAL_Driver/Src/stm32l0xx_hal_pwr.o
 .debug_frame   0x00000d68      0x1a8 ./Drivers/STM32L0xx_HAL_Driver/Src/stm32l0xx_hal_rcc.o
 .debug_frame   0x00000f10       0xfc ./Drivers/STM32L0xx_HAL_Driver/Src/stm32l0xx_hal_rcc_ex.o
 .debug_frame   0x0000100c      0x360 ./Drivers/STM32L0xx_HAL_Driver/Src/stm32l0xx_hal_rtc.o
 .debug_frame   0x0000136c      0x478 ./Drivers/STM32L0xx_HAL_Driver/Src/stm32l0xx_hal_rtc_ex.o
 .debug_frame   0x000017e4      0xef8 ./Drivers/STM32L0xx_HAL_Driver/Src/stm32l0xx_hal_tim.o
 .debug_frame   0x000026dc       0x50 ./Drivers/STM32L0xx_HAL_Driver/Src/stm32l0xx_hal_tim_ex.o
 .debug_frame   0x0000272c       0x20 C:/ST/STM32CubeIDE_1.16.1/STM32CubeIDE/plugins/com.st.stm32cube.ide.mcu.externaltools.gnu-tools-for-stm32.12.3.rel1.win32_1.0.200.202406191623/tools/bin/../lib/gcc/arm-none-eabi/12.3.1/../../../../arm-none-eabi/lib/thumb/v6-m/nofp\libc_nano.a(libc_a-memset.o)
 .debug_frame   0x0000274c       0x2c C:/ST/STM32CubeIDE_1.16.1/STM32CubeIDE/plugins/com.st.stm32cube.ide.mcu.externaltools.gnu-tools-for-stm32.12.3.rel1.win32_1.0.200.202406191623/tools/bin/../lib/gcc/arm-none-eabi/12.3.1/../../../../arm-none-eabi/lib/thumb/v6-m/nofp\libc_nano.a(libc_a-init.o)
 .debug_frame   0x00002778       0x20 C:/ST/STM32CubeIDE_1.16.1/STM32CubeIDE/plugins/com.st.stm32cube.ide.mcu.externaltools.gnu-tools-for-stm32.12.3.rel1.win32_1.0.200.202406191623/tools/bin/../lib/gcc/arm-none-eabi/12.3.1/thumb/v6-m/nofp\libgcc.a(_udivsi3.o)
 .debug_frame   0x00002798       0x20 C:/ST/STM32CubeIDE_1.16.1/STM32CubeIDE/plugins/com.st.stm32cube.ide.mcu.externaltools.gnu-tools-for-stm32.12.3.rel1.win32_1.0.200.202406191623/tools/bin/../lib/gcc/arm-none-eabi/12.3.1/thumb/v6-m/nofp\libgcc.a(_divsi3.o)
 .debug_frame   0x000027b8       0x34 C:/ST/STM32CubeIDE_1.16.1/STM32CubeIDE/plugins/com.st.stm32cube.ide.mcu.externaltools.gnu-tools-for-stm32.12.3.rel1.win32_1.0.200.202406191623/tools/bin/../lib/gcc/arm-none-eabi/12.3.1/thumb/v6-m/nofp\libgcc.a(_muldi3.o)
 .debug_frame   0x000027ec       0x3c C:/ST/STM32CubeIDE_1.16.1/STM32CubeIDE/plugins/com.st.stm32cube.ide.mcu.externaltools.gnu-tools-for-stm32.12.3.rel1.win32_1.0.200.202406191623/tools/bin/../lib/gcc/arm-none-eabi/12.3.1/thumb/v6-m/nofp\libgcc.a(_udivmoddi4.o)

.debug_line_str
                0x00000000       0x6e
 .debug_line_str
                0x00000000       0x6e ./Core/Startup/startup_stm32l041k6tx.o
