../Core/Src/main.c:100:6:incrementSeconds_units	8	static
../Core/Src/main.c:104:6:incrementSeconds_tens	8	static
../Core/Src/main.c:108:6:incrementMinutes_units	8	static
../Core/Src/main.c:112:6:incrementMinutes_tens	8	static
../Core/Src/main.c:116:6:incrementHours_units	8	static
../Core/Src/main.c:124:6:incrementHours_tens	8	static
../Core/Src/main.c:128:6:incrementAlarmMinutes_units	8	static
../Core/Src/main.c:132:6:incrementAlarmMinutes_tens	8	static
../Core/Src/main.c:136:6:incrementAlarmHours_units	8	static
../Core/Src/main.c:144:6:incrementAlarmHours_tens	8	static
../Core/Src/main.c:149:6:saveAlarm	8	static
../Core/Src/main.c:153:6:updateRelogio	8	static
../Core/Src/main.c:159:6:tocarAlarme	8	static
../Core/Src/main.c:169:6:readButtons	16	static
../Core/Src/main.c:218:5:main	8	static
../Core/Src/main.c:269:6:SystemClock_Config	112	static
../Core/Src/main.c:324:13:MX_RTC_Init	72	static
../Core/Src/main.c:414:13:MX_TIM2_Init	48	static
../Core/Src/main.c:473:13:MX_GPIO_Init	48	static
../Core/Src/main.c:522:6:Error_Handler	8	static,ignoring_inline_asm
